hp@DESKTOP-L6AROM7 MINGW64 ~ (main)
$ git config --global user.name"Akhil"

hp@DESKTOP-L6AROM7 MINGW64 ~ (main)
$ git config --global user.email "akhilvijaykumar123@gmail.com"

hp@DESKTOP-L6AROM7 MINGW64 ~ (main)
$ mkdir AmazonReviewAnalysis

hp@DESKTOP-L6AROM7 MINGW64 ~ (main)
$ cd AmazonReviewAnalysis

hp@DESKTOP-L6AROM7 MINGW64 ~/AmazonReviewAnalysis (main)
$ git init
Initialized empty Git repository in C:/Users/hp/AmazonReviewAnalysis/.git/

hp@DESKTOP-L6AROM7 MINGW64 ~/AmazonReviewAnalysis (master)
$ git status
On branch master

No commits yet

Untracked files:
  (use "git add <file>..." to include in what will be committed)
        AmazonConsumerReviewAnalysis1.xlsx
        AmazonConsumerReviewAnalysis2.xlsx

nothing added to commit but untracked files present (use "git add" to track)

hp@DESKTOP-L6AROM7 MINGW64 ~/AmazonReviewAnalysis (master)
$ git add AmazonConsumerReviewAnalysis1.xlsx

hp@DESKTOP-L6AROM7 MINGW64 ~/AmazonReviewAnalysis (master)
$ git commit -m "Commiting Amazon Consumer Review Analysis 1"
[master (root-commit) 47f8de7] Commiting Amazon Consumer Review Analysis 1
 1 file changed, 0 insertions(+), 0 deletions(-)
 create mode 100644 AmazonConsumerReviewAnalysis1.xlsx

hp@DESKTOP-L6AROM7 MINGW64 ~/AmazonReviewAnalysis (master)
$ git add AmazonConsumerReviewAnalysis2.xlsx

hp@DESKTOP-L6AROM7 MINGW64 ~/AmazonReviewAnalysis (master)
$ git commit -m "Commiting Amazon Consumer Review Analysis 2"
[master fcb6d73] Commiting Amazon Consumer Review Analysis 2
 1 file changed, 0 insertions(+), 0 deletions(-)
 create mode 100644 AmazonConsumerReviewAnalysis2.xlsx

hp@DESKTOP-L6AROM7 MINGW64 ~/AmazonReviewAnalysis (master)
$ git config --global user.username akhilv123

hp@DESKTOP-L6AROM7 MINGW64 ~/AmazonReviewAnalysis (master)
$ git remote add origin https://github.com/akhilv123/AmazonReviewAnalysis.git

hp@DESKTOP-L6AROM7 MINGW64 ~/AmazonReviewAnalysis (master)
$ git push origin master
Enumerating objects: 6, done.
Counting objects: 100% (6/6), done.
Delta compression using up to 4 threads
Compressing objects: 100% (6/6), done.
error: RPC failed; curl 92 HTTP/2 stream 0 was not closed cleanly: CANCEL (err 8)
send-pack: unexpected disconnect while reading sideband packet
Writing objects: 100% (6/6), 22.17 MiB | 160.00 KiB/s, done.
Total 6 (delta 3), reused 0 (delta 0), pack-reused 0
fatal: the remote end hung up unexpectedly
Everything up-to-date

hp@DESKTOP-L6AROM7 MINGW64 ~/AmazonReviewAnalysis (master)
$ git push origin master
Enumerating objects: 6, done.
Counting objects: 100% (6/6), done.
Delta compression using up to 4 threads
Compressing objects: 100% (6/6), done.
Writing objects: 100% (6/6), 22.17 MiB | 37.00 KiB/s, done.
Total 6 (delta 3), reused 0 (delta 0), pack-reused 0
remote: Resolving deltas: 100% (3/3), done.
To https://github.com/akhilv123/AmazonReviewAnalysis.git
 * [new branch]      master -> master

hp@DESKTOP-L6AROM7 MINGW64 ~/AmazonReviewAnalysis (master)
$
